/home/connor/paraceptor/install/paraceptor/lib/python3.10/site-packages/px4_offboard/offboard_control.py
/home/connor/paraceptor/install/paraceptor/lib/python3.10/site-packages/px4_offboard/__init__.py
/home/connor/paraceptor/install/paraceptor/lib/python3.10/site-packages/px4_offboard/image_subscriber.py
/home/connor/paraceptor/install/paraceptor/lib/python3.10/site-packages/px4_offboard/velocity_control.py
/home/connor/paraceptor/install/paraceptor/lib/python3.10/site-packages/px4_offboard/visualizer.py
/home/connor/paraceptor/install/paraceptor/lib/python3.10/site-packages/px4_offboard/recon_drone_path.py
/home/connor/paraceptor/install/paraceptor/lib/python3.10/site-packages/px4_offboard/__pycache__/offboard_control.cpython-310.pyc
/home/connor/paraceptor/install/paraceptor/lib/python3.10/site-packages/px4_offboard/__pycache__/__init__.cpython-310.pyc
/home/connor/paraceptor/install/paraceptor/lib/python3.10/site-packages/px4_offboard/__pycache__/image_subscriber.cpython-310.pyc
/home/connor/paraceptor/install/paraceptor/lib/python3.10/site-packages/px4_offboard/__pycache__/velocity_control.cpython-310.pyc
/home/connor/paraceptor/install/paraceptor/lib/python3.10/site-packages/px4_offboard/__pycache__/visualizer.cpython-310.pyc
/home/connor/paraceptor/install/paraceptor/lib/python3.10/site-packages/px4_offboard/__pycache__/recon_drone_path.cpython-310.pyc
/home/connor/paraceptor/install/paraceptor/share/ament_index/resource_index/packages/px4_offboard
/home/connor/paraceptor/install/paraceptor/share/ament_index/resource_index/packages/visualize.rviz
/home/connor/paraceptor/install/paraceptor/share/px4_offboard/package.xml
/home/connor/paraceptor/install/paraceptor/share/px4_offboard/launch_gazebo.launch.py
/home/connor/paraceptor/install/paraceptor/share/px4_offboard/offboard_hardware_position_control.launch.py
/home/connor/paraceptor/install/paraceptor/share/px4_offboard/visualize.launch.py
/home/connor/paraceptor/install/paraceptor/share/px4_offboard/offboard_position_control.launch.py
/home/connor/paraceptor/install/paraceptor/share/px4_offboard/visualize.rviz
/home/connor/paraceptor/install/paraceptor/lib/python3.10/site-packages/px4_offboard-0.0.0-py3.10.egg-info/SOURCES.txt
/home/connor/paraceptor/install/paraceptor/lib/python3.10/site-packages/px4_offboard-0.0.0-py3.10.egg-info/zip-safe
/home/connor/paraceptor/install/paraceptor/lib/python3.10/site-packages/px4_offboard-0.0.0-py3.10.egg-info/entry_points.txt
/home/connor/paraceptor/install/paraceptor/lib/python3.10/site-packages/px4_offboard-0.0.0-py3.10.egg-info/requires.txt
/home/connor/paraceptor/install/paraceptor/lib/python3.10/site-packages/px4_offboard-0.0.0-py3.10.egg-info/PKG-INFO
/home/connor/paraceptor/install/paraceptor/lib/python3.10/site-packages/px4_offboard-0.0.0-py3.10.egg-info/dependency_links.txt
/home/connor/paraceptor/install/paraceptor/lib/python3.10/site-packages/px4_offboard-0.0.0-py3.10.egg-info/top_level.txt
/home/connor/paraceptor/install/paraceptor/lib/px4_offboard/image_subscriber
/home/connor/paraceptor/install/paraceptor/lib/px4_offboard/offboard_control
/home/connor/paraceptor/install/paraceptor/lib/px4_offboard/recon_drone_path
/home/connor/paraceptor/install/paraceptor/lib/px4_offboard/visualizer
